INFO:     Started server process [6868]
INFO:     Waiting for application startup.
INFO:     Application startup complete.
INFO:     Uvicorn running on http://127.0.0.1:8000 (Press CTRL+C to quit)
[2026-08-22 06:16:37] INFO: Fetched (200) <GET https://media-assets.grailed.com/prd/listing/temp/26d34ae6178542acb78fc0e498d4c6f4> (referer: https://www.google.com/)
[2026-08-22 06:16:38] INFO: Fetched (200) <GET https://media-assets.grailed.com/prd/listing/temp/9ba2e988278d40a180d346d5e97e542f> (referer: https://www.google.com/)
[2026-08-22 06:16:38] INFO: Fetched (200) <GET https://media-assets.grailed.com/prd/listing/temp/320a0f76131f4165971f7f21ae26cfe5> (referer: https://www.google.com/)
[2026-08-22 06:16:39] INFO: Fetched (200) <GET https://media-assets.grailed.com/prd/listing/temp/1d68ace02a97461c98378a883ee07a40> (referer: https://www.google.com/)
[2026-08-22 06:16:40] INFO: Fetched (200) <GET https://media-assets.grailed.com/prd/listing/temp/d49af27c44ee469b9d031bbac82dbca4> (referer: https://www.google.com/)
[2026-08-22 06:16:40] INFO: Fetched (200) <GET https://media-assets.grailed.com/prd/listing/temp/505013f515dd448e8fbd7c5d89546d56> (referer: https://www.google.com/)
[2026-08-22 06:16:41] INFO: Fetched (200) <GET https://media-assets.grailed.com/prd/listing/temp/6c9c903e8f494520a47688a16f0dd7a2> (referer: https://www.google.com/)
[2026-08-22 06:16:42] INFO: Fetched (200) <GET https://media-assets.grailed.com/prd/listing/temp/e38bd6450b484b0595125beab0ec3601> (referer: https://www.google.com/)
[2026-08-22 06:16:42] INFO: Fetched (200) <GET https://media-assets.grailed.com/prd/listing/temp/70745bdb99cc4b3c93e2a9ff8115459b> (referer: https://www.google.com/)
[2026-08-22 06:16:43] INFO: Fetched (200) <GET https://media-assets.grailed.com/prd/listing/temp/f52372c1a0794a428c5050fc7dec0094> (referer: https://www.google.com/)
[2026-08-22 06:16:44] INFO: Fetched (200) <GET https://media-assets.grailed.com/prd/listing/temp/c12e51aa4e224f6f8bf871624aa97897> (referer: https://www.google.com/)
[2026-08-22 06:16:45] INFO: Fetched (200) <GET https://media-assets.grailed.com/prd/listing/temp/6df8fef2f75047bdb2b81c72f1d6a6f6> (referer: https://www.google.com/)
[2026-08-22 06:16:46] INFO: Fetched (200) <GET https://media-assets.grailed.com/prd/listing/temp/7d4aad79afef4fd7badc5e1b78b87dbc> (referer: https://www.google.com/)
[2026-08-22 06:16:46] INFO: Fetched (200) <GET https://media-assets.grailed.com/prd/listing/temp/67b7b34fcb53430d88f976669297401a> (referer: https://www.google.com/)
[2026-08-22 06:16:47] INFO: Fetched (200) <GET https://media-assets.grailed.com/prd/listing/temp/6dee45fe9d0b4a12810e62cba2d04354> (referer: https://www.google.com/)
[2026-08-22 06:16:48] INFO: Fetched (200) <GET https://media-assets.grailed.com/prd/listing/temp/b75f9892ea4f446a8dcfdbf2eeb56fda> (referer: https://www.google.com/)
[2026-08-22 06:16:48] INFO: Fetched (200) <GET https://media-assets.grailed.com/prd/listing/temp/03a767ca4b054b3eba7bd0b1081e195a> (referer: https://www.google.com/)
[2026-08-22 06:16:49] INFO: Fetched (200) <GET https://media-assets.grailed.com/prd/listing/temp/3fc5317d46d8448cb07cd9ddef640e72> (referer: https://www.google.com/)
[2026-08-22 06:16:49] INFO: Fetched (200) <GET https://media-assets.grailed.com/prd/listing/temp/1fd13daa72424d74b83713f043d8c58c> (referer: https://www.google.com/)
[2026-08-22 06:16:50] INFO: Fetched (200) <GET https://media-assets.grailed.com/prd/listing/temp/92192ae2ebd04e56ba273ac6f3c21296> (referer: https://www.google.com/)
[2026-08-22 06:16:51] INFO: Fetched (200) <GET https://media-assets.grailed.com/prd/listing/temp/cc7f3dd4907a4cdc8f2c58ba19d0e4ca> (referer: https://www.google.com/)
[2026-08-22 06:16:52] INFO: Fetched (200) <GET https://media-assets.grailed.com/prd/listing/temp/a9787516d9604aee8853c6ed24d5e71c> (referer: https://www.google.com/)
[2026-08-22 06:16:53] INFO: Fetched (200) <GET https://media-assets.grailed.com/prd/listing/temp/1273b7f186ec4940be8720697fcbe194> (referer: https://www.google.com/)
[2026-08-22 06:16:59] INFO: Fetched (200) <GET https://media-assets.grailed.com/prd/listing/temp/217a4f9ce646418db919374eb8fd0565> (referer: https://www.google.com/)
[2026-08-22 06:16:59] INFO: Fetched (200) <GET https://media-assets.grailed.com/prd/listing/temp/42bd56a13f1b44f3a7a37793b6089288> (referer: https://www.google.com/)
[2026-08-22 06:17:05] INFO: Fetched (200) <GET https://media-assets.grailed.com/prd/listing/temp/b187330d8f804720b3a06789123bd165> (referer: https://www.google.com/)
[2026-08-22 06:17:07] INFO: Fetched (200) <GET https://media-assets.grailed.com/prd/listing/temp/5e1f97d05e5542519597131a93318cce> (referer: https://www.google.com/)
[2026-08-22 06:17:07] INFO: Fetched (200) <GET https://media-assets.grailed.com/prd/listing/temp/6742829e78e14fd3b907877eecc2a298> (referer: https://www.google.com/)
[2026-08-22 06:17:08] INFO: Fetched (200) <GET https://media-assets.grailed.com/prd/listing/temp/41c5ebc4fe284d799b6d1690ea746585> (referer: https://www.google.com/)
[2026-08-22 06:17:09] INFO: Fetched (200) <GET https://media-assets.grailed.com/prd/listing/temp/52cb240dc09c4b709824e9ef44601f8e> (referer: https://www.google.com/)
[2026-08-22 06:17:09] INFO: Fetched (200) <GET https://media-assets.grailed.com/prd/listing/temp/1c73d70e958a4803a2a81d91a91255ce> (referer: https://www.google.com/)
[2026-08-22 06:17:10] INFO: Fetched (200) <GET https://media-assets.grailed.com/prd/listing/temp/2f4b7361691042aba6c178ed310fd1b2> (referer: https://www.google.com/)
[2026-08-22 06:17:11] INFO: Fetched (200) <GET https://media-assets.grailed.com/prd/listing/temp/fb97b1c4c2254a3798b2488c99780448> (referer: https://www.google.com/)
[2026-08-22 06:17:12] INFO: Fetched (200) <GET https://media-assets.grailed.com/prd/listing/temp/dafcf42d31454baba05da039cf54a716> (referer: https://www.google.com/)
[2026-08-22 06:17:13] INFO: Fetched (200) <GET https://media-assets.grailed.com/prd/listing/temp/07ef3284069a41a58683ea827cd466b5> (referer: https://www.google.com/)
[2026-08-22 06:17:14] INFO: Fetched (200) <GET https://media-assets.grailed.com/prd/listing/45632300/a297d369181f48908f197271f28aeae5> (referer: https://www.google.com/)
[2026-08-22 06:17:15] INFO: Fetched (200) <GET https://media-assets.grailed.com/prd/listing/temp/3623e7278a4e42f1a3cdfc9ca23009c3> (referer: https://www.google.com/)
[2026-08-22 06:17:16] INFO: Fetched (200) <GET https://media-assets.grailed.com/prd/listing/temp/46f1e3010af54ff8b5ffb5d63467e15e> (referer: https://www.google.com/)
[2026-08-22 06:17:16] INFO: Fetched (200) <GET https://media-assets.grailed.com/prd/listing/temp/a8ef881b596c469bb3a1ca4a8ffe855c> (referer: https://www.google.com/)
[2026-08-22 06:17:17] INFO: Fetched (200) <GET https://media-assets.grailed.com/prd/listing/temp/a8ef881b596c469bb3a1ca4a8ffe855c> (referer: https://www.google.com/)
[2026-08-22 06:17:17] INFO: Fetched (200) <GET https://media-assets.grailed.com/prd/listing/temp/a8ef881b596c469bb3a1ca4a8ffe855c> (referer: https://www.google.com/)
[2026-08-22 06:17:18] INFO: Fetched (200) <GET https://media-assets.grailed.com/prd/listing/temp/0ce9d27c74694e62994f77f5ba319128> (referer: https://www.google.com/)
[2026-08-22 06:17:19] INFO: Fetched (200) <GET https://media-assets.grailed.com/prd/listing/temp/13afa1b1a18c4e0fb1e065030e16b178> (referer: https://www.google.com/)
[2026-08-22 06:17:21] INFO: Fetched (200) <GET https://media-assets.grailed.com/prd/listing/temp/8d93e227928640d0bb464b272af79931> (referer: https://www.google.com/)
[2026-08-22 06:17:22] INFO: Fetched (200) <GET https://media-assets.grailed.com/prd/listing/temp/48c321f4d61c4b60a4635758acdb6afa> (referer: https://www.google.com/)
[2026-08-22 06:17:23] INFO: Fetched (200) <GET https://media-assets.grailed.com/prd/listing/temp/3fef49ca22d34b0098603763c88ae3d3> (referer: https://www.google.com/)
[2026-08-22 06:17:24] INFO: Fetched (200) <GET https://media-assets.grailed.com/prd/listing/temp/60cce7d8bec741bbb9dbddc608c9173d> (referer: https://www.google.com/)
[2026-08-22 06:17:25] INFO: Fetched (200) <GET https://media-assets.grailed.com/prd/listing/temp/3ceed4416f354ae9a2aef525951a2157> (referer: https://www.google.com/)
[2026-08-22 06:17:25] INFO: Fetched (200) <GET https://media-assets.grailed.com/prd/listing/temp/3590acd39a9645aea5807bf596707f32> (referer: https://www.google.com/)
[2026-08-22 06:17:26] INFO: Fetched (200) <GET https://media-assets.grailed.com/prd/listing/temp/0f552381b96e4a2f89233f94c93ce8c5> (referer: https://www.google.com/)
[2026-08-22 06:17:26] INFO: Fetched (200) <GET https://media-assets.grailed.com/prd/listing/temp/d8da9a497fdd468480f8a7910c2189b7> (referer: https://www.google.com/)
[2026-08-22 06:17:28] INFO: Fetched (200) <GET https://media-assets.grailed.com/prd/listing/temp/cc43c1b733464cd6a300689c88301415> (referer: https://www.google.com/)
[2026-08-22 06:17:28] INFO: Fetched (200) <GET https://media-assets.grailed.com/prd/listing/temp/06b2b175cc894c9394471c976cb84c08> (referer: https://www.google.com/)
[2026-08-22 06:17:29] INFO: Fetched (200) <GET https://media-assets.grailed.com/prd/listing/temp/bbf9d38b09334d2da60b029919dad1cd> (referer: https://www.google.com/)
[2026-08-22 06:17:30] INFO: Fetched (200) <GET https://media-assets.grailed.com/prd/listing/temp/563a046c461448e6b987a9eb8b5d2ca1> (referer: https://www.google.com/)
[2026-08-22 06:17:31] INFO: Fetched (200) <GET https://media-assets.grailed.com/prd/listing/temp/9727be0f258747c0a125783713b312ec> (referer: https://www.google.com/)
[2026-08-22 06:17:32] INFO: Fetched (200) <GET https://media-assets.grailed.com/prd/listing/temp/c693c9bd58a44ac888d408206d6edd19> (referer: https://www.google.com/)
[2026-08-22 06:17:32] INFO: Fetched (200) <GET https://media-assets.grailed.com/prd/listing/temp/64ee0089585b4a04b3af696b7bde90f7> (referer: https://www.google.com/)
[2026-08-22 06:17:33] INFO: Fetched (200) <GET https://media-assets.grailed.com/prd/listing/temp/afb82d3de2ee41b2bbe6314c7ed027c8> (referer: https://www.google.com/)
[2026-08-22 06:17:34] INFO: Fetched (200) <GET https://media-assets.grailed.com/prd/listing/temp/77d7f29cc8c34679bb7cd43c04a1e46c> (referer: https://www.google.com/)
[2026-08-22 06:17:34] INFO: Fetched (200) <GET https://media-assets.grailed.com/prd/listing/temp/df6c33603de4449ea225f4f3f96df4a3> (referer: https://www.google.com/)
[2026-08-22 06:17:36] INFO: Fetched (200) <GET https://media-assets.grailed.com/prd/listing/temp/4ba6d49322184f909fd7e75e505a0f6d> (referer: https://www.google.com/)
[2026-08-22 06:17:36] INFO: Fetched (200) <GET https://media-assets.grailed.com/prd/listing/temp/734a210a893d44028a4c845d2c36f657> (referer: https://www.google.com/)
[2026-08-22 06:17:37] INFO: Fetched (200) <GET https://media-assets.grailed.com/prd/listing/temp/0fea92cabd3b434da1db6b393e813101> (referer: https://www.google.com/)
[2026-08-22 06:17:38] INFO: Fetched (200) <GET https://media-assets.grailed.com/prd/listing/temp/798f3fb25c7f4e5d8032eb7df677ed0c> (referer: https://www.google.com/)
[2026-08-22 06:17:39] INFO: Fetched (200) <GET https://media-assets.grailed.com/prd/listing/temp/44535a1903ea4b5fbc6195eb0a3c24df> (referer: https://www.google.com/)
[2026-08-22 06:17:40] INFO: Fetched (200) <GET https://media-assets.grailed.com/prd/listing/temp/881bb7cb468b4e2f94f9064094c4e44e> (referer: https://www.google.com/)
[2026-08-22 06:17:41] INFO: Fetched (200) <GET https://media-assets.grailed.com/prd/listing/temp/ca58803b8cb9479e8dcb7dd298e60b53> (referer: https://www.google.com/)
[2026-08-22 06:17:42] INFO: Fetched (200) <GET https://media-assets.grailed.com/prd/listing/temp/78ff9725b3b34711a35f420ced0eac26> (referer: https://www.google.com/)
[2026-08-22 06:17:43] INFO: Fetched (200) <GET https://media-assets.grailed.com/prd/listing/temp/acf99a6285d64efeb39f16f4ec3ea843> (referer: https://www.google.com/)
[2026-08-22 06:17:44] INFO: Fetched (200) <GET https://media-assets.grailed.com/prd/listing/temp/23fc64f4115841f296bb3610e927c13e> (referer: https://www.google.com/)
[2026-08-22 06:17:45] INFO: Fetched (200) <GET https://media-assets.grailed.com/prd/listing/temp/7e0e3458def842fa8fb59fe0fc84bd5d> (referer: https://www.google.com/)
[2026-08-22 06:17:45] INFO: Fetched (200) <GET https://media-assets.grailed.com/prd/listing/temp/a5245f8e34c34cc585245031ae2790cd> (referer: https://www.google.com/)
[2026-08-22 06:17:46] INFO: Fetched (200) <GET https://media-assets.grailed.com/prd/listing/temp/ca12534a736f40ec818632dac36684c4> (referer: https://www.google.com/)
[2026-08-22 06:17:47] INFO: Fetched (200) <GET https://media-assets.grailed.com/prd/listing/temp/8ef0a6ec1920404b98503dae62703a5e> (referer: https://www.google.com/)
[2026-08-22 06:17:49] INFO: Fetched (200) <GET https://media-assets.grailed.com/prd/listing/temp/69dda319d1fe4b1d9463bb8ad94fdb8f> (referer: https://www.google.com/)
[2026-08-22 06:17:49] INFO: Fetched (200) <GET https://media-assets.grailed.com/prd/listing/temp/2a046461013549a2a5e08a6398bce543> (referer: https://www.google.com/)
[2026-08-22 06:17:50] INFO: Fetched (200) <GET https://media-assets.grailed.com/prd/listing/temp/3bd8e38c4ecc4346845fceb6a51a8a7d> (referer: https://www.google.com/)
[2026-08-22 06:17:50] INFO: Fetched (200) <GET https://media-assets.grailed.com/prd/listing/temp/96fcf4d6ef9a4825b3151e9603486015> (referer: https://www.google.com/)
[2026-08-22 06:17:51] INFO: Fetched (200) <GET https://media-assets.grailed.com/prd/listing/temp/1861fa02e54d479181e2532fd6a3da38> (referer: https://www.google.com/)
[2026-08-22 06:17:52] INFO: Fetched (200) <GET https://media-assets.grailed.com/prd/listing/temp/e4f18ab4e3d54fb983dd36748598f798> (referer: https://www.google.com/)
[2026-08-22 06:17:53] INFO: Fetched (200) <GET https://media-assets.grailed.com/prd/listing/temp/60670e867b8c43e983bb166062445315> (referer: https://www.google.com/)
[2026-08-22 06:17:54] INFO: Fetched (200) <GET https://media-assets.grailed.com/prd/listing/temp/96beaf9c64654489b5f4c775f2f123d5> (referer: https://www.google.com/)
[2026-08-22 06:17:54] INFO: Fetched (200) <GET https://media-assets.grailed.com/prd/listing/temp/31628c2ba04f44b185b48285c20424b8> (referer: https://www.google.com/)
[2026-08-22 06:17:55] INFO: Fetched (200) <GET https://media-assets.grailed.com/prd/listing/temp/8681150b72da44e085e75989f810c29b> (referer: https://www.google.com/)
[2026-08-22 06:17:57] INFO: Fetched (200) <GET https://media-assets.grailed.com/prd/listing/temp/42198c13655b4905b9f8941ff450de29> (referer: https://www.google.com/)
[2026-08-22 06:17:57] INFO: Fetched (200) <GET https://media-assets.grailed.com/prd/listing/temp/e97055853a9e4a1981e78fdba6df942a> (referer: https://www.google.com/)
[2026-08-22 06:17:58] INFO: Fetched (200) <GET https://media-assets.grailed.com/prd/listing/temp/1b42ea8a2bf6491e904bfda5deb98b2f> (referer: https://www.google.com/)
[2026-08-22 06:18:00] INFO: Fetched (200) <GET https://media-assets.grailed.com/prd/listing/temp/111e6baec3ff43298d856c440a1f796c> (referer: https://www.google.com/)
[2026-08-22 06:18:00] INFO: Fetched (200) <GET https://media-assets.grailed.com/prd/listing/temp/d8bbbf1cf92f414097e0db59dc56739b> (referer: https://www.google.com/)
[2026-08-22 06:18:01] INFO: Fetched (200) <GET https://media-assets.grailed.com/prd/listing/temp/8c6973da0e2c44ceb05d523175c1a2c8> (referer: https://www.google.com/)
[2026-08-22 06:18:02] INFO: Fetched (200) <GET https://media-assets.grailed.com/prd/listing/temp/45b5b03eec794552bf15ca00d01c5d23> (referer: https://www.google.com/)
[2026-08-22 06:18:02] INFO: Fetched (200) <GET https://media-assets.grailed.com/prd/listing/temp/b9c898bbf6ca4a429425a8c1b2312916> (referer: https://www.google.com/)
[2026-08-22 06:18:03] INFO: Fetched (200) <GET https://media-assets.grailed.com/prd/listing/temp/4ea042ba68a34b699a6ee35e08e9d385> (referer: https://www.google.com/)
[2026-08-22 06:18:04] INFO: Fetched (200) <GET https://media-assets.grailed.com/prd/listing/temp/85380a7600dd4d878d5626d5a6634f23> (referer: https://www.google.com/)
[2026-08-22 06:18:05] INFO: Fetched (200) <GET https://media-assets.grailed.com/prd/listing/temp/b17397e01d254e67ba7fa3cc1dbb7395> (referer: https://www.google.com/)
[2026-08-22 06:18:06] INFO: Fetched (200) <GET https://media-assets.grailed.com/prd/listing/temp/d1f9b6ee589c4938970e8b212c3eb1c8> (referer: https://www.google.com/)
[2026-08-22 06:18:07] INFO: Fetched (200) <GET https://media-assets.grailed.com/prd/listing/temp/19db9b9193a24c73ad79881eaceb002e> (referer: https://www.google.com/)
[2026-08-22 06:18:07] INFO: Fetched (200) <GET https://media-assets.grailed.com/prd/listing/temp/965cac42de694cd394205f9c8f780579> (referer: https://www.google.com/)
[2026-08-22 06:18:09] INFO: Fetched (200) <GET https://media-assets.grailed.com/prd/listing/temp/8da65bbf3b3d49b4814cc845ac044e73> (referer: https://www.google.com/)
