 ⨯ Error: Cannot find module './148.js'
Require stack:
- C:\Users\Alex\Documents\IDE\parser\frontend\.next\server\webpack-runtime.js
- C:\Users\Alex\Documents\IDE\parser\frontend\.next\server\app\identity-review\page.js
- C:\Users\Alex\Documents\IDE\parser\frontend\node_modules\.pnpm\next@15.5.21_react-dom@18.3.1_react@18.3.1__react@18.3.1\node_modules\next\dist\server\require.js
- C:\Users\Alex\Documents\IDE\parser\frontend\node_modules\.pnpm\next@15.5.21_react-dom@18.3.1_react@18.3.1__react@18.3.1\node_modules\next\dist\server\load-components.js
- C:\Users\Alex\Documents\IDE\parser\frontend\node_modules\.pnpm\next@15.5.21_react-dom@18.3.1_react@18.3.1__react@18.3.1\node_modules\next\dist\build\utils.js
- C:\Users\Alex\Documents\IDE\parser\frontend\node_modules\.pnpm\next@15.5.21_react-dom@18.3.1_react@18.3.1__react@18.3.1\node_modules\next\dist\build\swc\options.js
- C:\Users\Alex\Documents\IDE\parser\frontend\node_modules\.pnpm\next@15.5.21_react-dom@18.3.1_react@18.3.1__react@18.3.1\node_modules\next\dist\build\swc\index.js
- C:\Users\Alex\Documents\IDE\parser\frontend\node_modules\.pnpm\next@15.5.21_react-dom@18.3.1_react@18.3.1__react@18.3.1\node_modules\next\dist\build\analysis\parse-module.js
- C:\Users\Alex\Documents\IDE\parser\frontend\node_modules\.pnpm\next@15.5.21_react-dom@18.3.1_react@18.3.1__react@18.3.1\node_modules\next\dist\build\analysis\get-page-static-info.js
- C:\Users\Alex\Documents\IDE\parser\frontend\node_modules\.pnpm\next@15.5.21_react-dom@18.3.1_react@18.3.1__react@18.3.1\node_modules\next\dist\server\lib\router-utils\setup-dev-bundler.js
- C:\Users\Alex\Documents\IDE\parser\frontend\node_modules\.pnpm\next@15.5.21_react-dom@18.3.1_react@18.3.1__react@18.3.1\node_modules\next\dist\server\lib\router-server.js
- C:\Users\Alex\Documents\IDE\parser\frontend\node_modules\.pnpm\next@15.5.21_react-dom@18.3.1_react@18.3.1__react@18.3.1\node_modules\next\dist\server\lib\start-server.js
    at <unknown> (C:\Users\Alex\Documents\IDE\parser\frontend\.next\server\app\identity-review\page.js:2:8970)
    at Object.<anonymous> (C:\Users\Alex\Documents\IDE\parser\frontend\.next\server\app\identity-review\page.js:2:9020) {
  code: 'MODULE_NOT_FOUND',
  requireStack: [Array],
  page: '/identity-review'
}
 ⨯ Error: Cannot find module './148.js'
Require stack:
- C:\Users\Alex\Documents\IDE\parser\frontend\.next\server\webpack-runtime.js
- C:\Users\Alex\Documents\IDE\parser\frontend\.next\server\app\identity-review\page.js
- C:\Users\Alex\Documents\IDE\parser\frontend\node_modules\.pnpm\next@15.5.21_react-dom@18.3.1_react@18.3.1__react@18.3.1\node_modules\next\dist\server\require.js
- C:\Users\Alex\Documents\IDE\parser\frontend\node_modules\.pnpm\next@15.5.21_react-dom@18.3.1_react@18.3.1__react@18.3.1\node_modules\next\dist\server\load-components.js
- C:\Users\Alex\Documents\IDE\parser\frontend\node_modules\.pnpm\next@15.5.21_react-dom@18.3.1_react@18.3.1__react@18.3.1\node_modules\next\dist\build\utils.js
- C:\Users\Alex\Documents\IDE\parser\frontend\node_modules\.pnpm\next@15.5.21_react-dom@18.3.1_react@18.3.1__react@18.3.1\node_modules\next\dist\build\swc\options.js
- C:\Users\Alex\Documents\IDE\parser\frontend\node_modules\.pnpm\next@15.5.21_react-dom@18.3.1_react@18.3.1__react@18.3.1\node_modules\next\dist\build\swc\index.js
- C:\Users\Alex\Documents\IDE\parser\frontend\node_modules\.pnpm\next@15.5.21_react-dom@18.3.1_react@18.3.1__react@18.3.1\node_modules\next\dist\build\analysis\parse-module.js
- C:\Users\Alex\Documents\IDE\parser\frontend\node_modules\.pnpm\next@15.5.21_react-dom@18.3.1_react@18.3.1__react@18.3.1\node_modules\next\dist\build\analysis\get-page-static-info.js
- C:\Users\Alex\Documents\IDE\parser\frontend\node_modules\.pnpm\next@15.5.21_react-dom@18.3.1_react@18.3.1__react@18.3.1\node_modules\next\dist\server\lib\router-utils\setup-dev-bundler.js
- C:\Users\Alex\Documents\IDE\parser\frontend\node_modules\.pnpm\next@15.5.21_react-dom@18.3.1_react@18.3.1__react@18.3.1\node_modules\next\dist\server\lib\router-server.js
- C:\Users\Alex\Documents\IDE\parser\frontend\node_modules\.pnpm\next@15.5.21_react-dom@18.3.1_react@18.3.1__react@18.3.1\node_modules\next\dist\server\lib\start-server.js
    at <unknown> (C:\Users\Alex\Documents\IDE\parser\frontend\.next\server\app\parser-runs\page.js:2:33974)
    at Object.<anonymous> (C:\Users\Alex\Documents\IDE\parser\frontend\.next\server\app\parser-runs\page.js:2:34024) {
  code: 'MODULE_NOT_FOUND',
  requireStack: [Array],
  page: '/parser-runs'
}
 ⨯ Error: Cannot find module './148.js'
Require stack:
- C:\Users\Alex\Documents\IDE\parser\frontend\.next\server\webpack-runtime.js
- C:\Users\Alex\Documents\IDE\parser\frontend\.next\server\app\identity-review\page.js
- C:\Users\Alex\Documents\IDE\parser\frontend\node_modules\.pnpm\next@15.5.21_react-dom@18.3.1_react@18.3.1__react@18.3.1\node_modules\next\dist\server\require.js
- C:\Users\Alex\Documents\IDE\parser\frontend\node_modules\.pnpm\next@15.5.21_react-dom@18.3.1_react@18.3.1__react@18.3.1\node_modules\next\dist\server\load-components.js
- C:\Users\Alex\Documents\IDE\parser\frontend\node_modules\.pnpm\next@15.5.21_react-dom@18.3.1_react@18.3.1__react@18.3.1\node_modules\next\dist\build\utils.js
- C:\Users\Alex\Documents\IDE\parser\frontend\node_modules\.pnpm\next@15.5.21_react-dom@18.3.1_react@18.3.1__react@18.3.1\node_modules\next\dist\build\swc\options.js
- C:\Users\Alex\Documents\IDE\parser\frontend\node_modules\.pnpm\next@15.5.21_react-dom@18.3.1_react@18.3.1__react@18.3.1\node_modules\next\dist\build\swc\index.js
- C:\Users\Alex\Documents\IDE\parser\frontend\node_modules\.pnpm\next@15.5.21_react-dom@18.3.1_react@18.3.1__react@18.3.1\node_modules\next\dist\build\analysis\parse-module.js
- C:\Users\Alex\Documents\IDE\parser\frontend\node_modules\.pnpm\next@15.5.21_react-dom@18.3.1_react@18.3.1__react@18.3.1\node_modules\next\dist\build\analysis\get-page-static-info.js
- C:\Users\Alex\Documents\IDE\parser\frontend\node_modules\.pnpm\next@15.5.21_react-dom@18.3.1_react@18.3.1__react@18.3.1\node_modules\next\dist\server\lib\router-utils\setup-dev-bundler.js
- C:\Users\Alex\Documents\IDE\parser\frontend\node_modules\.pnpm\next@15.5.21_react-dom@18.3.1_react@18.3.1__react@18.3.1\node_modules\next\dist\server\lib\router-server.js
- C:\Users\Alex\Documents\IDE\parser\frontend\node_modules\.pnpm\next@15.5.21_react-dom@18.3.1_react@18.3.1__react@18.3.1\node_modules\next\dist\server\lib\start-server.js
    at <unknown> (C:\Users\Alex\Documents\IDE\parser\frontend\.next\server\app\model-groups\[id]\page.js:2:18180)
    at Object.<anonymous> (C:\Users\Alex\Documents\IDE\parser\frontend\.next\server\app\model-groups\[id]\page.js:2:18230) {
  code: 'MODULE_NOT_FOUND',
  requireStack: [Array],
  page: '/model-groups/15856'
}
 ⨯ Error: Cannot find module './148.js'
Require stack:
- C:\Users\Alex\Documents\IDE\parser\frontend\.next\server\webpack-runtime.js
- C:\Users\Alex\Documents\IDE\parser\frontend\.next\server\app\identity-review\page.js
- C:\Users\Alex\Documents\IDE\parser\frontend\node_modules\.pnpm\next@15.5.21_react-dom@18.3.1_react@18.3.1__react@18.3.1\node_modules\next\dist\server\require.js
- C:\Users\Alex\Documents\IDE\parser\frontend\node_modules\.pnpm\next@15.5.21_react-dom@18.3.1_react@18.3.1__react@18.3.1\node_modules\next\dist\server\load-components.js
- C:\Users\Alex\Documents\IDE\parser\frontend\node_modules\.pnpm\next@15.5.21_react-dom@18.3.1_react@18.3.1__react@18.3.1\node_modules\next\dist\build\utils.js
- C:\Users\Alex\Documents\IDE\parser\frontend\node_modules\.pnpm\next@15.5.21_react-dom@18.3.1_react@18.3.1__react@18.3.1\node_modules\next\dist\build\swc\options.js
- C:\Users\Alex\Documents\IDE\parser\frontend\node_modules\.pnpm\next@15.5.21_react-dom@18.3.1_react@18.3.1__react@18.3.1\node_modules\next\dist\build\swc\index.js
- C:\Users\Alex\Documents\IDE\parser\frontend\node_modules\.pnpm\next@15.5.21_react-dom@18.3.1_react@18.3.1__react@18.3.1\node_modules\next\dist\build\analysis\parse-module.js
- C:\Users\Alex\Documents\IDE\parser\frontend\node_modules\.pnpm\next@15.5.21_react-dom@18.3.1_react@18.3.1__react@18.3.1\node_modules\next\dist\build\analysis\get-page-static-info.js
- C:\Users\Alex\Documents\IDE\parser\frontend\node_modules\.pnpm\next@15.5.21_react-dom@18.3.1_react@18.3.1__react@18.3.1\node_modules\next\dist\server\lib\router-utils\setup-dev-bundler.js
- C:\Users\Alex\Documents\IDE\parser\frontend\node_modules\.pnpm\next@15.5.21_react-dom@18.3.1_react@18.3.1__react@18.3.1\node_modules\next\dist\server\lib\router-server.js
- C:\Users\Alex\Documents\IDE\parser\frontend\node_modules\.pnpm\next@15.5.21_react-dom@18.3.1_react@18.3.1__react@18.3.1\node_modules\next\dist\server\lib\start-server.js
    at <unknown> (C:\Users\Alex\Documents\IDE\parser\frontend\.next\server\app\model-groups\[id]\page.js:2:18180)
    at Object.<anonymous> (C:\Users\Alex\Documents\IDE\parser\frontend\.next\server\app\model-groups\[id]\page.js:2:18230) {
  code: 'MODULE_NOT_FOUND',
  requireStack: [Array],
  page: '/model-groups/2677'
}
 ⨯ Error: Cannot find module './148.js'
Require stack:
- C:\Users\Alex\Documents\IDE\parser\frontend\.next\server\webpack-runtime.js
- C:\Users\Alex\Documents\IDE\parser\frontend\.next\server\app\identity-review\page.js
- C:\Users\Alex\Documents\IDE\parser\frontend\node_modules\.pnpm\next@15.5.21_react-dom@18.3.1_react@18.3.1__react@18.3.1\node_modules\next\dist\server\require.js
- C:\Users\Alex\Documents\IDE\parser\frontend\node_modules\.pnpm\next@15.5.21_react-dom@18.3.1_react@18.3.1__react@18.3.1\node_modules\next\dist\server\load-components.js
- C:\Users\Alex\Documents\IDE\parser\frontend\node_modules\.pnpm\next@15.5.21_react-dom@18.3.1_react@18.3.1__react@18.3.1\node_modules\next\dist\build\utils.js
- C:\Users\Alex\Documents\IDE\parser\frontend\node_modules\.pnpm\next@15.5.21_react-dom@18.3.1_react@18.3.1__react@18.3.1\node_modules\next\dist\build\swc\options.js
- C:\Users\Alex\Documents\IDE\parser\frontend\node_modules\.pnpm\next@15.5.21_react-dom@18.3.1_react@18.3.1__react@18.3.1\node_modules\next\dist\build\swc\index.js
- C:\Users\Alex\Documents\IDE\parser\frontend\node_modules\.pnpm\next@15.5.21_react-dom@18.3.1_react@18.3.1__react@18.3.1\node_modules\next\dist\build\analysis\parse-module.js
- C:\Users\Alex\Documents\IDE\parser\frontend\node_modules\.pnpm\next@15.5.21_react-dom@18.3.1_react@18.3.1__react@18.3.1\node_modules\next\dist\build\analysis\get-page-static-info.js
- C:\Users\Alex\Documents\IDE\parser\frontend\node_modules\.pnpm\next@15.5.21_react-dom@18.3.1_react@18.3.1__react@18.3.1\node_modules\next\dist\server\lib\router-utils\setup-dev-bundler.js
- C:\Users\Alex\Documents\IDE\parser\frontend\node_modules\.pnpm\next@15.5.21_react-dom@18.3.1_react@18.3.1__react@18.3.1\node_modules\next\dist\server\lib\router-server.js
- C:\Users\Alex\Documents\IDE\parser\frontend\node_modules\.pnpm\next@15.5.21_react-dom@18.3.1_react@18.3.1__react@18.3.1\node_modules\next\dist\server\lib\start-server.js
    at <unknown> (C:\Users\Alex\Documents\IDE\parser\frontend\.next\server\app\model-groups\[id]\page.js:2:18180)
    at Object.<anonymous> (C:\Users\Alex\Documents\IDE\parser\frontend\.next\server\app\model-groups\[id]\page.js:2:18230) {
  code: 'MODULE_NOT_FOUND',
  requireStack: [Array],
  page: '/model-groups/1957'
}
 ⨯ Failed to generate static paths for /model-groups/[id]:
[Error: Cannot find module './vendor-chunks/@tanstack+query-core@5.101.4.js'
Require stack:
- C:\Users\Alex\Documents\IDE\parser\frontend\.next\server\webpack-runtime.js
- C:\Users\Alex\Documents\IDE\parser\frontend\.next\server\app\model-groups\[id]\page.js
- C:\Users\Alex\Documents\IDE\parser\frontend\node_modules\.pnpm\next@15.5.21_react-dom@18.3.1_react@18.3.1__react@18.3.1\node_modules\next\dist\server\require.js
- C:\Users\Alex\Documents\IDE\parser\frontend\node_modules\.pnpm\next@15.5.21_react-dom@18.3.1_react@18.3.1__react@18.3.1\node_modules\next\dist\server\load-components.js
- C:\Users\Alex\Documents\IDE\parser\frontend\node_modules\.pnpm\next@15.5.21_react-dom@18.3.1_react@18.3.1__react@18.3.1\node_modules\next\dist\build\utils.js
- C:\Users\Alex\Documents\IDE\parser\frontend\node_modules\.pnpm\next@15.5.21_react-dom@18.3.1_react@18.3.1__react@18.3.1\node_modules\next\dist\server\dev\static-paths-worker.js
- C:\Users\Alex\Documents\IDE\parser\frontend\node_modules\.pnpm\next@15.5.21_react-dom@18.3.1_react@18.3.1__react@18.3.1\node_modules\next\dist\compiled\jest-worker\processChild.js] {
  type: 'Error',
  code: 'MODULE_NOT_FOUND',
  requireStack: [Array]
}
 ⨯ Failed to generate static paths for /model-groups/[id]:
[Error: Cannot find module './vendor-chunks/@tanstack+query-core@5.101.4.js'
Require stack:
- C:\Users\Alex\Documents\IDE\parser\frontend\.next\server\webpack-runtime.js
- C:\Users\Alex\Documents\IDE\parser\frontend\.next\server\app\model-groups\[id]\page.js
- C:\Users\Alex\Documents\IDE\parser\frontend\node_modules\.pnpm\next@15.5.21_react-dom@18.3.1_react@18.3.1__react@18.3.1\node_modules\next\dist\server\require.js
- C:\Users\Alex\Documents\IDE\parser\frontend\node_modules\.pnpm\next@15.5.21_react-dom@18.3.1_react@18.3.1__react@18.3.1\node_modules\next\dist\server\load-components.js
- C:\Users\Alex\Documents\IDE\parser\frontend\node_modules\.pnpm\next@15.5.21_react-dom@18.3.1_react@18.3.1__react@18.3.1\node_modules\next\dist\build\utils.js
- C:\Users\Alex\Documents\IDE\parser\frontend\node_modules\.pnpm\next@15.5.21_react-dom@18.3.1_react@18.3.1__react@18.3.1\node_modules\next\dist\server\dev\static-paths-worker.js
- C:\Users\Alex\Documents\IDE\parser\frontend\node_modules\.pnpm\next@15.5.21_react-dom@18.3.1_react@18.3.1__react@18.3.1\node_modules\next\dist\compiled\jest-worker\processChild.js] {
  type: 'Error',
  code: 'MODULE_NOT_FOUND',
  requireStack: [Array]
}
 ⨯ Failed to generate static paths for /model-groups/[id]:
[Error: Cannot find module './vendor-chunks/@tanstack+query-core@5.101.4.js'
Require stack:
- C:\Users\Alex\Documents\IDE\parser\frontend\.next\server\webpack-runtime.js
- C:\Users\Alex\Documents\IDE\parser\frontend\.next\server\app\model-groups\[id]\page.js
- C:\Users\Alex\Documents\IDE\parser\frontend\node_modules\.pnpm\next@15.5.21_react-dom@18.3.1_react@18.3.1__react@18.3.1\node_modules\next\dist\server\require.js
- C:\Users\Alex\Documents\IDE\parser\frontend\node_modules\.pnpm\next@15.5.21_react-dom@18.3.1_react@18.3.1__react@18.3.1\node_modules\next\dist\server\load-components.js
- C:\Users\Alex\Documents\IDE\parser\frontend\node_modules\.pnpm\next@15.5.21_react-dom@18.3.1_react@18.3.1__react@18.3.1\node_modules\next\dist\build\utils.js
- C:\Users\Alex\Documents\IDE\parser\frontend\node_modules\.pnpm\next@15.5.21_react-dom@18.3.1_react@18.3.1__react@18.3.1\node_modules\next\dist\server\dev\static-paths-worker.js
- C:\Users\Alex\Documents\IDE\parser\frontend\node_modules\.pnpm\next@15.5.21_react-dom@18.3.1_react@18.3.1__react@18.3.1\node_modules\next\dist\compiled\jest-worker\processChild.js] {
  type: 'Error',
  code: 'MODULE_NOT_FOUND',
  requireStack: [Array]
}
 ⨯ Failed to generate static paths for /model-groups/[id]:
[Error: Cannot find module './vendor-chunks/@tanstack+query-core@5.101.4.js'
Require stack:
- C:\Users\Alex\Documents\IDE\parser\frontend\.next\server\webpack-runtime.js
- C:\Users\Alex\Documents\IDE\parser\frontend\.next\server\app\model-groups\[id]\page.js
- C:\Users\Alex\Documents\IDE\parser\frontend\node_modules\.pnpm\next@15.5.21_react-dom@18.3.1_react@18.3.1__react@18.3.1\node_modules\next\dist\server\require.js
- C:\Users\Alex\Documents\IDE\parser\frontend\node_modules\.pnpm\next@15.5.21_react-dom@18.3.1_react@18.3.1__react@18.3.1\node_modules\next\dist\server\load-components.js
- C:\Users\Alex\Documents\IDE\parser\frontend\node_modules\.pnpm\next@15.5.21_react-dom@18.3.1_react@18.3.1__react@18.3.1\node_modules\next\dist\build\utils.js
- C:\Users\Alex\Documents\IDE\parser\frontend\node_modules\.pnpm\next@15.5.21_react-dom@18.3.1_react@18.3.1__react@18.3.1\node_modules\next\dist\server\dev\static-paths-worker.js
- C:\Users\Alex\Documents\IDE\parser\frontend\node_modules\.pnpm\next@15.5.21_react-dom@18.3.1_react@18.3.1__react@18.3.1\node_modules\next\dist\compiled\jest-worker\processChild.js] {
  type: 'Error',
  code: 'MODULE_NOT_FOUND',
  requireStack: [Array]
}
 ⨯ Failed to generate static paths for /model-groups/[id]:
[Error: Cannot find module './vendor-chunks/@tanstack+query-core@5.101.4.js'
Require stack:
- C:\Users\Alex\Documents\IDE\parser\frontend\.next\server\webpack-runtime.js
- C:\Users\Alex\Documents\IDE\parser\frontend\.next\server\app\model-groups\[id]\page.js
- C:\Users\Alex\Documents\IDE\parser\frontend\node_modules\.pnpm\next@15.5.21_react-dom@18.3.1_react@18.3.1__react@18.3.1\node_modules\next\dist\server\require.js
- C:\Users\Alex\Documents\IDE\parser\frontend\node_modules\.pnpm\next@15.5.21_react-dom@18.3.1_react@18.3.1__react@18.3.1\node_modules\next\dist\server\load-components.js
- C:\Users\Alex\Documents\IDE\parser\frontend\node_modules\.pnpm\next@15.5.21_react-dom@18.3.1_react@18.3.1__react@18.3.1\node_modules\next\dist\build\utils.js
- C:\Users\Alex\Documents\IDE\parser\frontend\node_modules\.pnpm\next@15.5.21_react-dom@18.3.1_react@18.3.1__react@18.3.1\node_modules\next\dist\server\dev\static-paths-worker.js
- C:\Users\Alex\Documents\IDE\parser\frontend\node_modules\.pnpm\next@15.5.21_react-dom@18.3.1_react@18.3.1__react@18.3.1\node_modules\next\dist\compiled\jest-worker\processChild.js] {
  type: 'Error',
  code: 'MODULE_NOT_FOUND',
  requireStack: [Array]
}
 ⨯ Failed to generate static paths for /model-groups/[id]:
[Error: Cannot find module './vendor-chunks/@tanstack+query-core@5.101.4.js'
Require stack:
- C:\Users\Alex\Documents\IDE\parser\frontend\.next\server\webpack-runtime.js
- C:\Users\Alex\Documents\IDE\parser\frontend\.next\server\app\model-groups\[id]\page.js
- C:\Users\Alex\Documents\IDE\parser\frontend\node_modules\.pnpm\next@15.5.21_react-dom@18.3.1_react@18.3.1__react@18.3.1\node_modules\next\dist\server\require.js
- C:\Users\Alex\Documents\IDE\parser\frontend\node_modules\.pnpm\next@15.5.21_react-dom@18.3.1_react@18.3.1__react@18.3.1\node_modules\next\dist\server\load-components.js
- C:\Users\Alex\Documents\IDE\parser\frontend\node_modules\.pnpm\next@15.5.21_react-dom@18.3.1_react@18.3.1__react@18.3.1\node_modules\next\dist\build\utils.js
- C:\Users\Alex\Documents\IDE\parser\frontend\node_modules\.pnpm\next@15.5.21_react-dom@18.3.1_react@18.3.1__react@18.3.1\node_modules\next\dist\server\dev\static-paths-worker.js
- C:\Users\Alex\Documents\IDE\parser\frontend\node_modules\.pnpm\next@15.5.21_react-dom@18.3.1_react@18.3.1__react@18.3.1\node_modules\next\dist\compiled\jest-worker\processChild.js] {
  type: 'Error',
  code: 'MODULE_NOT_FOUND',
  requireStack: [Array]
}
 ⨯ [Error: Cannot find module './vendor-chunks/@tanstack+query-core@5.101.4.js'
Require stack:
- C:\Users\Alex\Documents\IDE\parser\frontend\.next\server\webpack-runtime.js
- C:\Users\Alex\Documents\IDE\parser\frontend\.next\server\app\model-groups\[id]\page.js
- C:\Users\Alex\Documents\IDE\parser\frontend\node_modules\.pnpm\next@15.5.21_react-dom@18.3.1_react@18.3.1__react@18.3.1\node_modules\next\dist\server\require.js
- C:\Users\Alex\Documents\IDE\parser\frontend\node_modules\.pnpm\next@15.5.21_react-dom@18.3.1_react@18.3.1__react@18.3.1\node_modules\next\dist\server\load-components.js
- C:\Users\Alex\Documents\IDE\parser\frontend\node_modules\.pnpm\next@15.5.21_react-dom@18.3.1_react@18.3.1__react@18.3.1\node_modules\next\dist\build\utils.js
- C:\Users\Alex\Documents\IDE\parser\frontend\node_modules\.pnpm\next@15.5.21_react-dom@18.3.1_react@18.3.1__react@18.3.1\node_modules\next\dist\server\dev\static-paths-worker.js
- C:\Users\Alex\Documents\IDE\parser\frontend\node_modules\.pnpm\next@15.5.21_react-dom@18.3.1_react@18.3.1__react@18.3.1\node_modules\next\dist\compiled\jest-worker\processChild.js] {
  type: 'Error',
  code: 'MODULE_NOT_FOUND',
  requireStack: [Array],
  page: '/model-groups/15856'
}
 ⚠ Cross origin request detected from 127.0.0.1 to /_next/* resource. In a future major version of Next.js, you will need to explicitly configure "allowedDevOrigins" in next.config to allow this.
Read more: https://nextjs.org/docs/app/api-reference/config/next-config-js/allowedDevOrigins
